---
source: crates/ui/tests/snapshots.rs
expression: "render(140, 30, &state)"
---
┌ telegram-tui ────────────────────────────────────────────────────────────────────────────────────────────────────────────────────────────┐
│┌CHATS───────────────────────┐┌──────────────────────────────────────────────────────────────────────────────────────────────────────────┐│
││▸ Alice Müller             2││Alice Müller                                                                                              ││
││  Team Rust                9│└──────────────────────────────────────────────────────────────────────────────────────────────────────────┘│
││  Bob                       │┌──────────────────────────────────────────────────────────────────────────────────────────────────────────┐│
││                            ││                                                                                                          ││
││                            ││                                                                                                          ││
││                            ││                                                                                                          ││
││                            ││                                                                                                          ││
││                            ││                                                                                                          ││
││                            ││                                                                                                          ││
││                            ││                                                                                                          ││
││                            ││                                                                                                          ││
││                            ││                                                                                                          ││
││                            ││                                                                                                          ││
││                            ││                                                                                                          ││
││                            ││                                                                                                          ││
││                            ││                                                                                                          ││
││                            ││                                                                                                          ││
││                            ││Bob · 22:13                                                                                               ││
││                            ││▏ 📎  architecture.pdf · 2.4 MB                                                                            ││
││                            ││  📎  architecture.pdf · ▓▓▓░░░░░░░ 40%                                                                    ││
││                            ││▏ 📎  notes.pdf · 125.0 KB                                                                                 ││
││                            ││  📎  notes.pdf · 125.0 KB · ⏎ open                                                                        ││
││                            │└──────────────────────────────────────────────────────────────────────────────────────────────────────────┘│
││                            │╭──────────────────────────────────────────────────────────────────────────────────────────────────────────╮│
││                            ││›  message…                                                                                               ││
│└────────────────────────────┘╰──────────────────────────────────────────────────────────────────────────────────────────────────────────╯│
│⏎ send   alt+⏎ newline   ↑ select messages                                                                                                │
└──────────────────────────────────────────────────────────────────────────────────────────────────────────────────────────────────────────┘
