---
source: crates/ui/tests/snapshots.rs
expression: "render(100, 30, &state)"
---
┌ telegram-tui ────────────────────────────────────────────────────────────────────────────────────┐
│┌ARCHIVE─────────────────────┐┌──────────────────────────────────────────────────────────────────┐│
││esc/a  back                 ││telegram-tui                                                      ││
││▸ Old Chat                12│└──────────────────────────────────────────────────────────────────┘│
││                            │┌──────────────────────────────────────────────────────────────────┐│
││                            ││                                                                  ││
││                            ││                                                                  ││
││                            ││                                                                  ││
││                            ││                                                                  ││
││                            ││                                                                  ││
││                            ││                                                                  ││
││                            ││                                                                  ││
││                            ││                                                                  ││
││                            ││                                                                  ││
││                            ││                           select a chat                          ││
││                            ││                                                                  ││
││                            ││                                                                  ││
││                            ││                                                                  ││
││                            ││                                                                  ││
││                            ││                                                                  ││
││                            ││                                                                  ││
││                            ││                                                                  ││
││                            ││                                                                  ││
││                            ││                                                                  ││
││                            │└──────────────────────────────────────────────────────────────────┘│
││                            │╭──────────────────────────────────────────────────────────────────╮│
││                            ││›  message…                                                       ││
│└────────────────────────────┘╰──────────────────────────────────────────────────────────────────╯│
│↑↓ move   ⏎ open   / filter   ctrl+p palette   ? help                                             │
└──────────────────────────────────────────────────────────────────────────────────────────────────┘
