---
source: crates/ui/tests/snapshots.rs
expression: "render(140, 40, &state)"
---
                                                                                                                                            
                                                                                                                                            
                                                                                                                                            
                                                                                                                                            
                                                                                                                                            
                                                                                                                                            
                                  ┌────────────────────────── Before we start ───────────────────────────┐                                  
                                  │telegram-tui sends anonymous crash reports so bugs get fixed without  │                                  
                                  │you having to file them. This is on unless you turn it off.           │                                  
                                  │                                                                      │                                  
                                  │Collected: app/OS version, terminal type, a stack trace and error     │                                  
                                  │message when something goes wrong, recent action names (e.g. "sent a  │                                  
                                  │message"), outcomes, durations, and a random per-install id.          │                                  
                                  │                                                                      │                                  
                                  │Never collected: message text, contact names, phone numbers, chat     │                                  
                                  │titles, file names, your IP address, or your computer's name.         │                                  
                                  │                                                                      │                                  
                                  │One caveat: an error message is written by whatever failed, not chosen│                                  
                                  │from the list above, so it can carry limited content such as a file   │                                  
                                  │path.                                                                 │                                  
                                  │                                                                      │                                  
                                  │Sent to: the telegram-tui project's crash reporting. Usage data goes  │                                  
                                  │nowhere else unless you configure your own collector.                 │                                  
                                  │                                                                      │                                  
                                  │Change your mind later: `--no-telemetry`,                             │                                  
                                  │`TELEGRAM_TUI_TELEMETRY=off`, `DO_NOT_TRACK=1`, or edit config.toml.  │                                  
                                  │                                                                      │                                  
                                  │               Enable                           ▶ Disable             │                                  
                                  │                                                                      │                                  
                                  │                                                                      │                                  
                                  │↑↓←→/tab choose · ⏎ confirm                                           │                                  
                                  │                                                                      │                                  
                                  │                                                                      │                                  
                                  └──────────────────────────────────────────────────────────────────────┘
