---
source: crates/ui/tests/snapshots.rs
expression: "render(140, 40, &state)"
---
┌ telegram-tui ────────────────────────────────────────────────────────────────────────────────────────────────────────────────────────────┐
│┌CHATS───────────────────────┐┌──────────────────────────────────────────────────────────────────────────────────────────────────────────┐│
││Main · Folder 1 · Folder 2  ││telegram-tui                                                                                              ││
││  Archived  12              │└──────────────────────────────────────────────────────────────────────────────────────────────────────────┘│
││▸ Alice Müller             2│┌──────────────────────────────────────────────────────────────────────────────────────────────────────────┐│
││  Boss                      ││                                                                                                          ││
││────────────────────────────││                                                                                                          ││
││  Team Rust                9││                                                                                                          ││
││  Mom                       ││                                                                                                          ││
││                            ││                                                                                                          ││
││                            ││                                                                                                          ││
││                            ││                                                                                                          ││
││                            ││                                                                                                          ││
││                            ││                                                                                                          ││
││                            ││                                                                                                          ││
││                            ││                                                                                                          ││
││                            ││                                                                                                          ││
││                            ││                                                                                                          ││
││                            ││                                                                                                          ││
││                            ││                                               select a chat                                              ││
││                            ││                                                                                                          ││
││                            ││                                                                                                          ││
││                            ││                                                                                                          ││
││                            ││                                                                                                          ││
││                            ││                                                                                                          ││
││                            ││                                                                                                          ││
││                            ││                                                                                                          ││
││                            ││                                                                                                          ││
││                            ││                                                                                                          ││
││                            ││                                                                                                          ││
││                            ││                                                                                                          ││
││                            ││                                                                                                          ││
││                            ││                                                                                                          ││
││                            ││                                                                                                          ││
││                            │└──────────────────────────────────────────────────────────────────────────────────────────────────────────┘│
││                            │╭──────────────────────────────────────────────────────────────────────────────────────────────────────────╮│
││                            ││›  message…                                                                                               ││
│└────────────────────────────┘╰──────────────────────────────────────────────────────────────────────────────────────────────────────────╯│
│↑↓ move   ⏎ open   / filter   ctrl+p palette   ? help                                                                                     │
└──────────────────────────────────────────────────────────────────────────────────────────────────────────────────────────────────────────┘
