---
source: crates/ui/tests/snapshots.rs
expression: "render(140, 30, &state)"
---
                              │                                                                                                             
 CHATS                        │ Alice Müller                                                                                                
                              ├─────────────────────────────────────────────────────────────────────────────────────────────────────────────
 ▏ Alice Müller             2 │                                                                                                             
   Team Rust                9 │                                                                                                             
   Bob                        │                                                                                                             
                              │                                                                                                             
                              │                                                                                                             
                              │                                                                                                             
                              │                                                                                                             
                              │                                                                                                             
                              │                                                                                                             
                              │                                                                                                             
                              │                                                                                                             
                              │                                                                                                             
                              │                                                                                                             
                              │                                                                                                             
                              │                                                                                                             
                              │                                                                                                             
                              │                                                                                                             
                              │                                                                                                             
                              │ ▏ Bob · 22:13                                                                                               
                              │ ▏ 📎  architecture.pdf · 2.4 MB · ▓▓▓░░░░░░░ 40%                                                             
                              │ ▏ 📎  notes.pdf · 125.0 KB · ⏎ open                                                                          
                              │                                                                                                             
                              │ ╭─────────────────────────────────────────────────────────────────────────────────────────────────────────╮ 
                              │ │ ›  message…                                                                                             │ 
                              │ ╰─────────────────────────────────────────────────────────────────────────────────────────────────────────╯ 
                                                                                                                                            
 ⏎ send   alt+⏎ newline   ↑ select messages
