---
source: crates/ui/tests/snapshots.rs
expression: "render(80, 30, &state)"
---
                                                                                
 telegram ▸ Alice Müller                                                        
────────────────────────────────────────────────────────────────────────────────
                                                                                
 ┌────────────────────────────────────────────────────────────────────────────┐ 
 │search: pr                                                                  │ 
 │▏ take your time, no rush                                                   │ 
 │                                                                            │ 
 │Bob · 22:21                                                                 │ 
 │▏ hey team                                                                  │ 
 │                                                                            │ 
 │                                                               You · 22:22  │ 
 │                                                                    hi bob ▏│ 
 │                                                                           ✓│ 
 │                                                                            │ 
 │Bob · 22:23                                                                 │ 
 │▏ 📎  architecture.pdf · 2.4 MB                                              │ 
 │  📎  architecture.pdf · 2.4 MB · ⏎ download                                 │ 
 │▏ take a look                                                               │ 
 │                                                                            │ 
 │                                                               You · 22:28  │ 
 │                                                                   will do ▏│ 
 │                                                                           ✓│ 
 └────────────────────────────────────────────────────────────────────────────┘ 
                                                                                
 ╭────────────────────────────────────────────────────────────────────────────╮ 
 │ ›  message…                                                                │ 
 ╰────────────────────────────────────────────────────────────────────────────╯ 
                                                                                
 type to search   ⏎ jump   esc cancel
