---
source: crates/ui/tests/snapshots.rs
expression: "render(80, 30, &state)"
---
┌ telegram-tui ────────────────────────────────────────────────────────────────┐
│┌CHATS───────────────────────────────────────────────────────────────────────┐│
││▸ Alice Müller                                                             2││
││  Team Rust                                                                9││
││  Bob                                                                       ││
││                                                                            ││
││                                                                            ││
││                                                                            ││
││                                                                            ││
││                                                                            ││
││                                                                            ││
││                                                                            ││
││                                                                            ││
││                                                                            ││
││                                                                            ││
││                                                                            ││
││                                                                            ││
││                                                                            ││
││                                                                            ││
││                                                                            ││
││                                                                            ││
││                                                                            ││
││                                                                            ││
││                                                                            ││
││                                                                            ││
││                                                                            ││
││                                                                            ││
│└────────────────────────────────────────────────────────────────────────────┘│
│↑↓ move   ⏎ open   / filter   ctrl+p palette   ? help                         │
└──────────────────────────────────────────────────────────────────────────────┘
