---
source: crates/ui/tests/snapshots.rs
expression: "render(100, 30, &state)"
---
                          Scan this QR code with Telegram on another device                         
                                                                                                    
                                                                                                    
                                                                                                    
                                                                                                    
                                                                                                    
                                                                                                    
                                                                                                    
                                     █▀▀▀▀▀█  ▀▄▄█▄▀██ █▀▀▀▀▀█                                      
                                     █ ███ █ ▀██▄▀ █ ▄ █ ███ █                                      
                                     █ ▀▀▀ █  ▄▀  ▄▀█▀ █ ▀▀▀ █                                      
                                     ▀▀▀▀▀▀▀ █▄█ █ █ █ ▀▀▀▀▀▀▀                                      
                                     ██▀ █▀▀██ ██▀  ▀███  ▄█ ▄                                      
                                     ▀ █▄▀ ▀█▀▀ ▄▀▄ ▄▄█▄██▄  █                                      
                                     ▀█ ▀▄▀▀█▄▄ ▄▄▀█ █ █   ▄██                                      
                                     ▀▄▀▀ ▀▀█▄▄▀▄█ █  ▀▄▀ █ █▀                                      
                                     ▀  ▀ ▀▀▀█ ▄▄▀▄▀██▀▀▀█ ▄▀█                                      
                                     █▀▀▀▀▀█ █  ▀▀▀▄▀█ ▀ █▀ ▀▀                                      
                                     █ ███ █ ▀ ▄ ▀▀  █▀▀██ ▄ ▀                                      
                                     █ ▀▀▀ █ █ █▄▄ ▀█▄▀ ▀█ ▀▄▀                                      
                                     ▀▀▀▀▀▀▀ ▀▀ ▀ ▀ ▀▀ ▀▀   ▀▀                                      
                                                                                                    
                                                                                                    
                                                                                                    
                                                                                                    
                                                                                                    
                                                                                                    
                                                                                                    
                              Settings → Devices → Link Desktop Device
