---
source: crates/ui/src/view/root.rs
expression: rendered
---
                              │                                                                                         
 CHATS                        │ Alice Müller                                                                            
                              ├─────────────────────────────────────────────────────────────────────────────────────────
 ▏ Alice Müller             2 │                                                                                         
                              │                                                                                         
                              │                                                                                         
                              │                                                                                         
                              │                                                                                         
                              ╭──────────────────────── palette ─────────────────────────╮                              
                              │  › al                                                    │                              
                              │  ──────────────────────────────────────────────────────  │                              
                              │  ▏ Alice Müller                                          │                              
                              │    Toggle theme                                     cmd  │                              
                              │                                                          │                              
                              │                                                          │                              
                              │                                                          │                              
                              │                                                          │                              
                              │                                                          │                              
                              │                                                          │                              
                              │                                                          │                              
                              │                                                          │                              
                              │                                                          │                              
                              │                                                          │                              
                              │                                                          │                              
                              │                                                          │                              
                              │                                                          │                              
                              │                                                          │                              
                              │                                                          │                              
                              │                                                          │                              
                              │                                                          │                              
                              │                                                          │                              
                              ╰──────────────────────────────────────────────────────────╯                              
                              │                                                                                         
                              │                                                                                         
                              │                                                                                         
                              │ ╭─────────────────────────────────────────────────────────────────────────────────────╮ 
                              │ │ ›  message…                                                                         │ 
                              │ ╰─────────────────────────────────────────────────────────────────────────────────────╯ 
                                                                                                                        
 type to search   ⏎ run   esc cancel
