---
source: crates/ui/src/view/root.rs
expression: rendered
---
┌ telegram-tui ────────────────────────────────────────────────────────────────────────────────────┐
│┌CHATS───────────────────────┐┌──────────────────────────────────────────────────────────────────┐│
││▸ Alice Müller             2││telegram-tui                                                      ││
││                            │└──────────────────────────────────────────────────────────────────┘│
││                            │┌──────────────────────────────────────────────────────────────────┐│
││                            ││                                                                  ││
││                            ││                                                                  ││
││                            ││                                                                  ││
││                            ││                                                                  ││
││                            ││                                                                  ││
││                            ││                                                                  ││
││                            ││                                                                  ││
││                            ││                                                                  ││
││                            ││                                                                  ││
││                            ││                          no messages yet                         ││
││                            ││                                                                  ││
││                            ││                                                                  ││
││                            ││                                                                  ││
││                            ││                                                                  ││
││                            ││                                                                  ││
││                            ││                                                                  ││
││                            ││                                                                  ││
││                            ││                                                                  ││
││                            ││                                                                  ││
││                            │└──────────────────────────────────────────────────────────────────┘│
││                            │┌──────────────────────────────────────────────────────────────────┐│
││                            ││›  message…                                                       ││
│└────────────────────────────┘└──────────────────────────────────────────────────────────────────┘│
│↑↓ move   ⏎ open   / filter   ctrl+p palette   ? help                                             │
└──────────────────────────────────────────────────────────────────────────────────────────────────┘
