---
source: crates/ui/src/view/root.rs
expression: rendered
---
┌ telegram-tui ────────────────────────────────────────────────────────────────────────────────────────────────────────┐
│┌CHATS───────────────────────┐┌──────────────────────────────────────────────────────────────────────────────────────┐│
││▸ Alice Müller             2││Alice Müller                                                                          ││
││                            │└──────────────────────────────────────────────────────────────────────────────────────┘│
││                            │┌──────────────────────────────────────────────────────────────────────────────────────┐│
││                            ││                                                                                      ││
││                            ││                                                                                      ││
││                            ││                                                                                      ││
││                            ││                                                                                      ││
││                            ││                                                                                      ││
││                            ││                                                                                      ││
││                            ││                                                                                      ││
││                            ││                                                                                      ││
││                            ││                                                                                      ││
││                            ││                                                                                      ││
││                            ││                                                                                      ││
││                            ││                                                                                      ││
││                            ││                                                                                      ││
││                            ││                                                                                      ││
││                            ││                                    no messages yet                                   ││
││                            ││                                                                                      ││
││                            ││                                                                                      ││
││                            ││                                                                                      ││
││                            ││                                                                                      ││
││                            ││                                                                                      ││
││                            ││                                                                                      ││
││                            ││                                                                                      ││
││                            ││                                                                                      ││
││                            ││                                                                                      ││
││                            ││                                                                                      ││
││                            ││                                                                                      ││
││                            ││                                                                                      ││
││                            ││                                                                                      ││
││                            ││                                                                                      ││
││                            │└──────────────────────────────────────────────────────────────────────────────────────┘│
││                            │╭───────────────────────────────────────────────────────┌──────────────────────────────┐│
││                            ││›  message…                                            │Grace Hopper                  ││
│└────────────────────────────┘╰───────────────────────────────────────────────────────│the compiler is done          ││
│⏎ send   alt+⏎ newline   ↑ select messages                                            └──────────────────────────────┘│
└──────────────────────────────────────────────────────────────────────────────────────────────────────────────────────┘
