---
source: crates/ui/src/view/auth.rs
expression: "render_to_string(70, 20, &state)"
---
           Scan this QR code with Telegram on another device          
                                                                      
                                                                      
                      █▀▀▀▀▀█  ▀▄▄█▄▀██ █▀▀▀▀▀█                       
                      █ ███ █ ▀██▄▀ █ ▄ █ ███ █                       
                      █ ▀▀▀ █  ▄▀  ▄▀█▀ █ ▀▀▀ █                       
                      ▀▀▀▀▀▀▀ █▄█ █ █ █ ▀▀▀▀▀▀▀                       
                      ██▀ █▀▀██ ██▀  ▀███  ▄█ ▄                       
                      ▀ █▄▀ ▀█▀▀ ▄▀▄ ▄▄█▄██▄  █                       
                      ▀█ ▀▄▀▀█▄▄ ▄▄▀█ █ █   ▄██                       
                      ▀▄▀▀ ▀▀█▄▄▀▄█ █  ▀▄▀ █ █▀                       
                      ▀  ▀ ▀▀▀█ ▄▄▀▄▀██▀▀▀█ ▄▀█                       
                      █▀▀▀▀▀█ █  ▀▀▀▄▀█ ▀ █▀ ▀▀                       
                      █ ███ █ ▀ ▄ ▀▀  █▀▀██ ▄ ▀                       
                      █ ▀▀▀ █ █ █▄▄ ▀█▄▀ ▀█ ▀▄▀                       
                      ▀▀▀▀▀▀▀ ▀▀ ▀ ▀ ▀▀ ▀▀   ▀▀                       
                                                                      
                                                                      
               Settings → Devices → Link Desktop Device
