---
source: crates/ui/src/view/root.rs
expression: rendered
---
┌ telegram-tui ────────────────────────────────────────────────────────────────────────────────────┐
│┌CHATS───────────────────────┐┌──────────────────────────────────────────────────────────────────┐│
││▸ Alice Müller             2││telegram-tui                                                      ││
││                            │└──────────────────────────────────────────────────────────────────┘│
││                            │┌──────────────────────────────────────────────────────────────────┐│
││                            ││                                                                  ││
││                            ││                                                                  ││
││                            ││                                                                  ││
││                            ││                                                                  ││
││                            ││                                                                  ││
││                            ││                                                                  ││
││                            ││                                                                  ││
││                            ││                                                                  ││
││                            ││                                                                  ││
││                            ││                          no messages yet                         ││
││                            ││                                                                  ││
││                            ││                                                                  ││
││                            ││                                                                  ││
││                            ││                                                                  ││
││                            ││                                                                  ││
││                            ││                                                                  ││
││                            ││                                                                  ││
││                            ││                                                                  ││
││                            ││                                                                  ││
││                            │└──────────────────────────────────────────────────────────────────┘│
││                            │╭──────────────────────────────────────────────────────────────────╮│
││                            ││›  message…                                                       ││
│└────────────────────────────┘╰──────────────────────────────────────────────────────────────────╯│
│⏎ send   alt+⏎ newline   ↑ select messages                                                        │
└──────────────────────────────────────────────────────────────────────────────────────────────────┘
