---
source: crates/ui/src/view/chat_list.rs
expression: rendered
---
CHATS                                                                                                                   
                                                                                                                        
Main · Folder 1 · Folder 2                                                                                              
  Archived  12                                                                                                          
▏ Alice                                                                                                                2
  Boss                                                                                                                  
────────────────────────────────────────────────────────────────────────────────────────────────────────────────────────
  Team Rust                                                                                                            9
  Mom
