---
source: crates/ui/src/view/root.rs
expression: rendered
---
                                                                                                   
 CHATS                                                                                             
                                                                                                   
 ▏ Alice Müller                                                                                  2 
                                                                                                   
                                                                                                   
                                                                                                   
                                                                                                   
                                                                                                   
                                                                                                   
                                                                                                   
                                                                                                   
                                                                                                   
                                                                                                   
                                                                                                   
                                                                                                   
                                                                                                   
                                                                                                   
                                                                                                   
                                                                                                   
                                                                                                   
                                                                                                   
                                                                                                   
                                                                                                   
                                                                                                   
                                                                                                   
                                                                                                   
                                                                                                   
                                                                                                   
 ↑↓ move   ⏎ open   / filter   ctrl+p palette   ? help
