---
source: crates/ui/src/view/auth.rs
expression: "render_to_string(120, 40, &state)"
---
                                                                                                                        
                                                                                                                        
                                                                                                                        
                                                                                                                        
                                                                                                                        
                                                                                                                        
                                                                                                                        
                                                                                                                        
                                                                                                                        
                                                                                                                        
                                                                                                                        
                                                                                                                        
                                                                                                                        
                                                                                                                        
                                                                                                                        
                                   ┌─────────────────── Sign in ────────────────────┐                                   
                                   │How would you like to sign in?                  │                                   
                                   │                                                │                                   
                                   │▶ Phone number                                  │                                   
                                   │  QR code                                       │                                   
                                   │                                                │                                   
                                   │↑↓ choose · p phone · q qr · ⏎ continue         │                                   
                                   │                                                │                                   
                                   │                                                │                                   
                                   └────────────────────────────────────────────────┘
