---
source: crates/ui/src/view/modal.rs
expression: rendered
---
                                                            
                                                            
                ╭──── Delete message? ─────╮                
                │                          │                
                │       Delete for me      │                
                │    Delete for everyone   │                
                │                          │                
                │  ⏎ confirm · esc cancel  │                
                ╰──────────────────────────╯
