---
source: crates/ui/src/view/chat_list.rs
expression: "render_to_string(120, 40, &state)"
---
┌CHATS─────────────────────────────────────────────────────────────────────────────────────────────────────────────────┐
│▸ Alice                                                                                                              2│
│  Team Rust                                                                                                          9│
│  Mom                                                                                                                 │
│  #rust-de                                                                                                          @1│
│  Bob                                                                                                                 │
│  Archived                                                                                                          12│
│  Design Team                                                                                                         │
│  Carol                                                                                                             @5│
│                                                                                                                      │
│                                                                                                                      │
│                                                                                                                      │
│                                                                                                                      │
│                                                                                                                      │
│                                                                                                                      │
│                                                                                                                      │
│                                                                                                                      │
│                                                                                                                      │
│                                                                                                                      │
│                                                                                                                      │
│                                                                                                                      │
│                                                                                                                      │
│                                                                                                                      │
│                                                                                                                      │
│                                                                                                                      │
│                                                                                                                      │
│                                                                                                                      │
│                                                                                                                      │
│                                                                                                                      │
│                                                                                                                      │
│                                                                                                                      │
│                                                                                                                      │
│                                                                                                                      │
│                                                                                                                      │
│                                                                                                                      │
│                                                                                                                      │
│                                                                                                                      │
│                                                                                                                      │
│                                                                                                                      │
└──────────────────────────────────────────────────────────────────────────────────────────────────────────────────────┘
