---
source: crates/ui/src/view/root.rs
expression: rendered
---
┌ telegram-tui ────────────────────────────────────────────────────────────────────────────────────────────────────────┐
│┌CHATS───────────────────────┐┌──────────────────────────────────────────────────────────────────────────────────────┐│
││▸ Alice Müller             2││Alice Müller                                                                          ││
││                            │└──────────────────────────────────────────────────────────────────────────────────────┘│
││                            │┌──────────────────────────────────────────────────────────────────────────────────────┐│
││                            ││                                                                                      ││
││                            ││                                                                                      ││
││                            ││                                                                                      ││
││                            ┌──────────────────────── palette ─────────────────────────┐                            ││
││                            │› al                                                      │                            ││
││                            │──────────────────────────────────────────────────────────│                            ││
││                            │▸ Alice Müller                                            │                            ││
││                            │  Toggle theme                                         cmd│                            ││
││                            │                                                          │                            ││
││                            │                                                          │                            ││
││                            │                                                          │                            ││
││                            │                                                          │                            ││
││                            │                                                          │                            ││
││                            │                                                          │                            ││
││                            │                                                          │                            ││
││                            │                                                          │                            ││
││                            │                                                          │                            ││
││                            │                                                          │                            ││
││                            │                                                          │                            ││
││                            │                                                          │                            ││
││                            │                                                          │                            ││
││                            │                                                          │                            ││
││                            │                                                          │                            ││
││                            │                                                          │                            ││
││                            │                                                          │                            ││
││                            │                                                          │                            ││
││                            └──────────────────────────────────────────────────────────┘                            ││
││                            ││                                                                                      ││
││                            ││                                                                                      ││
││                            │└──────────────────────────────────────────────────────────────────────────────────────┘│
││                            │╭──────────────────────────────────────────────────────────────────────────────────────╮│
││                            ││›  message…                                                                           ││
│└────────────────────────────┘╰──────────────────────────────────────────────────────────────────────────────────────╯│
│type to search   ⏎ run   esc cancel                                                                                   │
└──────────────────────────────────────────────────────────────────────────────────────────────────────────────────────┘
