---
source: crates/ui/src/view/root.rs
expression: rendered
---
                              │                                                                     
 CHATS                        │ Alice Müller                                                        
                              ├─────────────────────────────────────────────────────────────────────
 ▏ Alice Müller             2 │                                                                     
                              │                                                                     
                              │                                                                     
                              │                                                                     
                              │                                                                     
                              │                                                                     
                              │                                                                     
                              │                                                                     
                              │                                                                     
                              │                                                                     
                              │                                                                     
                              │                           no messages yet                           
                              │                                                                     
                              │                                                                     
                              │                                                                     
                              │                                                                     
                              │                                                                     
                              │                                                                     
                              │                                                                     
                              │                                                                     
                              │                                                                     
                              │                                                                     
                              │ ╭─────────────────────────────────────────────────────────────────╮ 
                              │ │ ›  message…                                                     │ 
                              │ ╰─────────────────────────────────────────────────────────────────╯ 
                                                                                                    
 ⏎ send   alt+⏎ newline   ↑ select messages
