---
source: crates/ui/src/view/chat_list.rs
expression: rendered
---
ARCHIVE                                                                                                                 
                                                                                                                        
esc/a  back                                                                                                             
▏ Old Chat                                                                                                            12
