---
source: crates/ui/src/view/toast.rs
expression: rendered
---
                                                                                                                        
                                                                                                                        
                                                                                                                        
                                                                                                                        
                                                                                                                        
                                                                                                                        
                                                                                                                        
                                                                                                                        
                                                                                                                        
                                                                                                                        
                                                                                                                        
                                                                                                                        
                                                                                                                        
                                                                                                                        
                                                                                                                        
                                                                                                                        
                                                                                                                        
                                                                                                                        
                                                                                                                        
                                                                                                                        
                                                                                                                        
                                                                                                                        
                                                                                                                        
                                                                                                                        
                                                                                                                        
                                                                                                                        
                                                                                                                        
                                                                                                                        
                                                                                                                        
                                                                                                                        
                                                                                                                        
                                                                                   ╭──────────────────────────────────╮ 
                                                                                   │  Alice                           │ 
                                                                                   │  hey, are you around?            │ 
                                                                                   ╰──────────────────────────────────╯ 
                                                                                   ╭──────────────────────────────────╮ 
                                                                                   │  Team Chat                       │ 
                                                                                   │  deploy is green                 │ 
                                                                                   ╰──────────────────────────────────╯
