---
source: crates/ui/src/view/header.rs
expression: rendered
---
┌──────────────────────────────────────────────────────────────────────────────┐
│Alice Müller                                                               3/7│
└──────────────────────────────────────────────────────────────────────────────┘
